2026-02-02 10:54:45,886 - INFO - 测试中文日志
